{"time":"2025-03-31T12:41:57.5855335+02:00","level":"ERROR","msg":"Error finding user","Error":null}
{"time":"2025-03-31T12:44:59.0104312+02:00","level":"ERROR","msg":"Error finding user","Error":null}
{"time":"2025-04-05T00:54:31.2360847+02:00","level":"INFO","msg":"Response status","status":"200 OK"}
{"time":"2025-04-05T01:03:37.7688537+02:00","level":"INFO","msg":"Response status","status":"200 OK"}
{"time":"2025-04-22T11:22:51.2599748+02:00","level":"ERROR","msg":"Failed to log API Call:","!BADKEY":"Error 1146 (42S02): Table 'pgsandbox.api_logs' doesn't exist"}
{"time":"2025-04-23T12:29:01.7378158+02:00","level":"ERROR","msg":"Error: Failed to log Activity","!BADKEY":"Error 1205 (HY000): Lock wait timeout exceeded; try restarting transaction"}
{"time":"2025-04-23T12:31:02.2204634+02:00","level":"ERROR","msg":"Error: Failed to log Activity","!BADKEY":"Error 1205 (HY000): Lock wait timeout exceeded; try restarting transaction"}
{"time":"2025-07-31T11:07:36.8391955+02:00","level":"ERROR","msg":"Error","!BADKEY":"Client ID is invalid"}
{"time":"2025-07-31T11:08:26.4833382+02:00","level":"ERROR","msg":"Error","!BADKEY":"Client ID is invalid"}
{"time":"2025-07-31T11:09:04.9056349+02:00","level":"ERROR","msg":"Error","!BADKEY":"Client ID is invalid"}
{"time":"2025-07-31T11:09:24.6170937+02:00","level":"ERROR","msg":"Error","!BADKEY":"Client ID is invalid"}
{"time":"2025-07-31T13:30:55.0238756+02:00","level":"ERROR","msg":"wrong grant type","data":{"grant_type":"client_credentias"}}
{"time":"2025-07-31T13:40:56.7303183+02:00","level":"ERROR","msg":"❌Error","Unable to Login":"detail","record not found":"data","!BADKEY":{"email":"luswepo@geepay.co.zm"}}
{"time":"2025-07-31T13:40:56.7313805+02:00","level":"ERROR","msg":"❌Error","Unable to Login, user not found":"data","!BADKEY":{"email":"luswepo@geepay.co.zm"}}
{"time":"2025-07-31T13:41:27.1957288+02:00","level":"ERROR","msg":"❌Error","User with role 'admin' cannot access the 'merchant' portal":"data","!BADKEY":{"email":"luswepo17@gmail.com"}}
{"time":"2025-07-31T14:01:35.5761267+02:00","level":"ERROR","msg":"unable to find user","data":{"client_id":"de782a8c-b8f5-4222-8f7c-a76df1ad09ee","client_secret":"e6d1b2b8-c34a-47f7-a900-1417fea1cc94"}}
{"time":"2025-07-31T14:03:49.5438192+02:00","level":"ERROR","msg":"Error","Invalid Request Body":"Client ID","!BADKEY":"13dccf44-58b9-446c-a76e-c70af8bff948"}
{"time":"2025-07-31T14:04:05.7125892+02:00","level":"ERROR","msg":"Error","Invalid Request Body":"Client ID","!BADKEY":"13dccf44-58b9-446c-a76e-c70af8bff948"}
{"time":"2025-07-31T14:05:04.6623093+02:00","level":"ERROR","msg":"❌Error","unable to initate request to pay, client ID is invalid":"data","!BADKEY":{"amount":20,"client_id":"13dccf44-58b9-446c-a76e-c70af8bff94","phone_number":"0978790212","request_body":{"phone_number":"0978790212","amount":20},"transaction_ref":"TestReg3456"}}
{"time":"2025-08-18T12:16:47.1174684+02:00","level":"ERROR","msg":"unable to find user","data":{"client_id":"de782a8c-b8f5-4222-8f7c-a76df1ad09ee","client_secret":"e6d1b2b8-c34a-47f7-a900-1417fea1cc94"}}
{"time":"2025-09-22T09:17:38.3537634+02:00","level":"ERROR","msg":"❌Error","Unable to get API credentials, user not found":"data","!BADKEY":{"user_id":"da9455b8-5164-412d-bb5d-4ee6a79cc294"}}
{"time":"2025-09-22T09:17:38.361134+02:00","level":"ERROR","msg":"❌Error","Unable to get API credentials, user not found":"data","!BADKEY":{"user_id":"da9455b8-5164-412d-bb5d-4ee6a79cc294"}}
{"time":"2025-09-22T09:17:58.5173202+02:00","level":"ERROR","msg":"❌Error","Unable to Login":"detail","record not found":"data","!BADKEY":{"email":"blessedezeala@gmail.com"}}
{"time":"2025-09-22T09:17:58.5173202+02:00","level":"ERROR","msg":"❌Error","Unable to Login, user not found":"data","!BADKEY":{"email":"blessedezeala@gmail.com"}}
{"time":"2025-09-22T09:18:07.5479281+02:00","level":"ERROR","msg":"❌Error","User with role 'admin' cannot access the 'merchant' portal":"data","!BADKEY":{"email":"luswepo17@gmail.com"}}
{"time":"2025-11-13T09:04:48.1964175+02:00","level":"ERROR","msg":"❌Error","Unable to Login":"detail","record not found":"data","!BADKEY":{"email":"blessedezeala@gmail.com"}}
{"time":"2025-11-13T09:04:48.1974943+02:00","level":"ERROR","msg":"❌Error","Unable to Login, user not found":"data","!BADKEY":{"email":"blessedezeala@gmail.com"}}
{"time":"2025-11-13T09:05:09.6478417+02:00","level":"ERROR","msg":"❌Error","Unable to Login":"detail","record not found":"data","!BADKEY":{"email":"blessedezeala@gmail.com"}}
{"time":"2025-11-13T09:05:09.6478417+02:00","level":"ERROR","msg":"❌Error","Unable to Login, user not found":"data","!BADKEY":{"email":"blessedezeala@gmail.com"}}
{"time":"2025-11-13T09:05:24.1137126+02:00","level":"ERROR","msg":"❌Error","User with role 'admin' cannot access the 'merchant' portal":"data","!BADKEY":{"email":"luswepo17@gmail.com"}}
{"time":"2025-11-13T09:05:30.3358707+02:00","level":"ERROR","msg":"❌Error","User with role 'admin' cannot access the 'merchant' portal":"data","!BADKEY":{"email":"luswepo17@gmail.com"}}
{"time":"2025-12-17T10:52:19.1194934+02:00","level":"ERROR","msg":"❌Error","Unable to Login":"detail","record not found":"data","!BADKEY":{"email":"luswepo@geepay.co.zm"}}
{"time":"2025-12-17T10:52:19.1229665+02:00","level":"ERROR","msg":"❌Error","Unable to Login, user not found":"data","!BADKEY":{"email":"luswepo@geepay.co.zm"}}
{"time":"2025-12-17T10:59:31.5837885+02:00","level":"ERROR","msg":"❌Error","Unable to Login":"detail","record not found":"data","!BADKEY":{"email":"blessedezeala@gmail.com"}}
{"time":"2025-12-17T10:59:31.5837885+02:00","level":"ERROR","msg":"❌Error","Unable to Login, user not found":"data","!BADKEY":{"email":"blessedezeala@gmail.com"}}
{"time":"2025-12-17T11:07:52.052113+02:00","level":"ERROR","msg":"❌Error","User with role 'merchant' cannot access the '' portal":"data","!BADKEY":{"email":"chitimbwabanda@gmail.com"}}
{"time":"2025-12-17T11:31:52.0104423+02:00","level":"ERROR","msg":"❌Error","unable to validate token":"data","!BADKEY":{"error":{"Inner":{},"Errors":4}}}
{"time":"2025-12-17T11:32:11.7085716+02:00","level":"ERROR","msg":"❌Error","unable to validate token":"data","!BADKEY":{"error":{"Inner":{},"Errors":4}}}
{"time":"2025-12-17T11:34:02.0166812+02:00","level":"ERROR","msg":"❌Error","unable to validate token":"data","!BADKEY":{"error":{"Inner":{},"Errors":4}}}
{"time":"2025-12-17T11:34:05.5571108+02:00","level":"ERROR","msg":"❌Error","unable to validate token":"data","!BADKEY":{"error":{"Inner":{},"Errors":4}}}
{"time":"2025-12-17T11:35:14.1894728+02:00","level":"ERROR","msg":"Error","Invalid Request Body":"Client ID","!BADKEY":"bc7c8b16-8f4a-4b58-8329-4976a948b115"}
{"time":"2025-12-17T11:44:30.0260504+02:00","level":"ERROR","msg":"❌Error","unable to validate token":"data","!BADKEY":{"error":{"Inner":{},"Errors":4}}}
{"time":"2025-12-17T14:15:06.6376779+02:00","level":"ERROR","msg":"Error","Invalid Request Body":"Client ID","!BADKEY":"bc7c8b16-8f4a-4b58-8329-4976a948b115"}
{"time":"2026-05-29T11:01:37.9179211+02:00","level":"ERROR","msg":"❌Error","Unable to Login":"detail","record not found":"data","!BADKEY":{"email":"blessedezeala@gmail.com"}}
{"time":"2026-05-29T11:01:37.9184261+02:00","level":"ERROR","msg":"❌Error","Unable to Login, user not found":"data","!BADKEY":{"email":"blessedezeala@gmail.com"}}
{"time":"2026-05-29T13:16:53.5155315+02:00","level":"ERROR","msg":"❌Error","Unable to Login":"detail","record not found":"data","!BADKEY":{"email":"luswepo17gmail.com"}}
{"time":"2026-05-29T13:16:53.5155315+02:00","level":"ERROR","msg":"❌Error","Unable to Login, user not found":"data","!BADKEY":{"email":"luswepo17gmail.com"}}
{"time":"2026-06-02T11:38:14.5539277+02:00","level":"ERROR","msg":"wrong grant type","data":{"grant_type":""}}
{"time":"2026-06-02T11:42:24.8176131+02:00","level":"ERROR","msg":"wrong grant type","data":{"grant_type":""}}
{"time":"2026-06-02T11:42:48.1005669+02:00","level":"ERROR","msg":"wrong grant type","data":{"grant_type":""}}
{"time":"2026-06-02T12:47:45.0603389+02:00","level":"INFO","msg":"Authorization Header: ","!BADKEY":"Bearer eyJhbGciOiJIUzI1NiIsInR5cCI6IkpXVCJ9.eyJjbGllbnRfaWQiOiJiYzdjOGIxNi04ZjRhLTRiNTgtODMyOS00OTc2YTk0OGIxMTUiLCJleHAiOiIyMDI2LTA2LTAyVDEzOjQ0OjUwLjMwMjYyMjQrMDI6MDAiLCJ1c2VyX2lkIjoiYjIxNGU1MjMtNmUzMi00YWJmLWJkMWEtOTI3NjdhYWY4NjEwIn0.IoJbJWcezl1qOBITRAeAqSJsH1bE5AOCwPRhIAKV74k"}
{"time":"2026-06-02T12:50:51.4447338+02:00","level":"INFO","msg":"Authorization Header: ","!BADKEY":"Bearer eyJhbGciOiJIUzI1NiIsInR5cCI6IkpXVCJ9.eyJjbGllbnRfaWQiOiJiYzdjOGIxNi04ZjRhLTRiNTgtODMyOS00OTc2YTk0OGIxMTUiLCJleHAiOiIyMDI2LTA2LTAyVDEzOjQ0OjUwLjMwMjYyMjQrMDI6MDAiLCJ1c2VyX2lkIjoiYjIxNGU1MjMtNmUzMi00YWJmLWJkMWEtOTI3NjdhYWY4NjEwIn0.IoJbJWcezl1qOBITRAeAqSJsH1bE5AOCwPRhIAKV74k"}
{"time":"2026-06-02T12:52:58.8618896+02:00","level":"INFO","msg":"Authorization Header: ","!BADKEY":"Bearer eyJhbGciOiJIUzI1NiIsInR5cCI6IkpXVCJ9.eyJjbGllbnRfaWQiOiJiYzdjOGIxNi04ZjRhLTRiNTgtODMyOS00OTc2YTk0OGIxMTUiLCJleHAiOiIyMDI2LTA2LTAyVDEzOjQ0OjUwLjMwMjYyMjQrMDI6MDAiLCJ1c2VyX2lkIjoiYjIxNGU1MjMtNmUzMi00YWJmLWJkMWEtOTI3NjdhYWY4NjEwIn0.IoJbJWcezl1qOBITRAeAqSJsH1bE5AOCwPRhIAKV74k"}
{"time":"2026-06-02T12:53:37.471217+02:00","level":"INFO","msg":"Authorization Header: ","!BADKEY":"Bearer eyJhbGciOiJIUzI1NiIsInR5cCI6IkpXVCJ9.eyJjbGllbnRfaWQiOiJiYzdjOGIxNi04ZjRhLTRiNTgtODMyOS00OTc2YTk0OGIxMTUiLCJleHAiOiIyMDI2LTA2LTAyVDEzOjQ0OjUwLjMwMjYyMjQrMDI6MDAiLCJ1c2VyX2lkIjoiYjIxNGU1MjMtNmUzMi00YWJmLWJkMWEtOTI3NjdhYWY4NjEwIn0.IoJbJWcezl1qOBITRAeAqSJsH1bE5AOCwPRhIAKV74k"}
{"time":"2026-06-02T12:53:37.4717373+02:00","level":"ERROR","msg":"invalid token","error":"Token is expired"}
{"time":"2026-06-02T13:00:07.2717614+02:00","level":"INFO","msg":"Authorization Header: ","!BADKEY":"Bearer eyJhbGciOiJIUzI1NiIsInR5cCI6IkpXVCJ9.eyJjbGllbnRfaWQiOiJiYzdjOGIxNi04ZjRhLTRiNTgtODMyOS00OTc2YTk0OGIxMTUiLCJleHAiOiIyMDI2LTA2LTAyVDEzOjQ0OjUwLjMwMjYyMjQrMDI6MDAiLCJ1c2VyX2lkIjoiYjIxNGU1MjMtNmUzMi00YWJmLWJkMWEtOTI3NjdhYWY4NjEwIn0.IoJbJWcezl1qOBITRAeAqSJsH1bE5AOCwPRhIAKV74k"}
{"time":"2026-06-02T13:00:07.2717614+02:00","level":"ERROR","msg":"invalid token","error":"Token is expired"}
{"time":"2026-06-02T13:00:31.7626735+02:00","level":"INFO","msg":"Authorization Header: ","!BADKEY":"Bearer eyJhbGciOiJIUzI1NiIsInR5cCI6IkpXVCJ9.eyJjbGllbnRfaWQiOiJiYzdjOGIxNi04ZjRhLTRiNTgtODMyOS00OTc2YTk0OGIxMTUiLCJleHAiOjE3ODA0MDE2MTcsInVzZXJfaWQiOiJiMjE0ZTUyMy02ZTMyLTRhYmYtYmQxYS05Mjc2N2FhZjg2MTAifQ.WpDyBvpEhts_5R5jRzu2BOebJcitxzXQbrSEwQJDOuI"}
{"time":"2026-06-02T15:40:38.7459206+02:00","level":"INFO","msg":"Authorization Header: ","!BADKEY":"Bearer eyJhbGciOiJIUzI1NiIsInR5cCI6IkpXVCJ9.eyJjbGllbnRfaWQiOiJkZTc4MmE4Yy1iOGY1LTQyMjItOGY3Yy1hNzZkZjFhZDA5ZWUiLCJleHAiOjE3NTY5MjAzNzksInVzZXJfaWQiOiJkYTk0NTViOC01MTY0LTQxMmQtYmI1ZC00ZWU2YTc5Y2MyOTQifQ.5ydkunESaI9zuuKENVSeuPlKNVmjfxdQeS8IgHzE-CU"}
{"time":"2026-06-02T15:40:38.7465477+02:00","level":"ERROR","msg":"invalid token","error":"Token is expired"}
{"time":"2026-06-05T12:35:43.4448012+02:00","level":"ERROR","msg":"wrong grant type","data":{"grant_type":""}}
{"time":"2026-06-05T12:43:48.8877267+02:00","level":"INFO","msg":"Authorization Header: ","!BADKEY":"Bearer eyJhbGciOiJIUzI1NiIsInR5cCI6IkpXVCJ9.eyJjbGllbnRfaWQiOiJiYzdjOGIxNi04ZjRhLTRiNTgtODMyOS00OTc2YTk0OGIxMTUiLCJleHAiOjE3ODA2NTk2MTUsInVzZXJfaWQiOiJiMjE0ZTUyMy02ZTMyLTRhYmYtYmQxYS05Mjc2N2FhZjg2MTAifQ.REUCByOCi7RSQF7tNOETi4oYy405439SX1apsxA-mec"}
{"time":"2026-06-05T12:44:14.9324637+02:00","level":"INFO","msg":"Authorization Header: ","!BADKEY":"Bearer eyJhbGciOiJIUzI1NiIsInR5cCI6IkpXVCJ9.eyJjbGllbnRfaWQiOiJiYzdjOGIxNi04ZjRhLTRiNTgtODMyOS00OTc2YTk0OGIxMTUiLCJleHAiOjE3ODA2NTk2MTUsInVzZXJfaWQiOiJiMjE0ZTUyMy02ZTMyLTRhYmYtYmQxYS05Mjc2N2FhZjg2MTAifQ.REUCByOCi7RSQF7tNOETi4oYy405439SX1apsxA-mec"}
{"time":"2026-06-05T12:44:50.6768355+02:00","level":"INFO","msg":"Authorization Header: ","!BADKEY":"Bearer eyJhbGciOiJIUzI1NiIsInR5cCI6IkpXVCJ9.eyJjbGllbnRfaWQiOiJiYzdjOGIxNi04ZjRhLTRiNTgtODMyOS00OTc2YTk0OGIxMTUiLCJleHAiOjE3ODA2NTk2MTUsInVzZXJfaWQiOiJiMjE0ZTUyMy02ZTMyLTRhYmYtYmQxYS05Mjc2N2FhZjg2MTAifQ.REUCByOCi7RSQF7tNOETi4oYy405439SX1apsxA-mec"}
{"time":"2026-06-05T13:09:45.1976346+02:00","level":"INFO","msg":"Transaction auto-resolved to successful","tx_id":"33fedbfc-0ec9-497b-b113-20ad09c1a36a","ref":"NEWREF"}
{"time":"2026-06-05T13:09:45.2000972+02:00","level":"INFO","msg":"Transaction auto-resolved to successful","tx_id":"bdfa72d0-00f0-46a5-a20e-22ba7a84874e","ref":"testing-col-ref"}
{"time":"2026-06-05T13:09:45.2019755+02:00","level":"INFO","msg":"Transaction auto-resolved to successful","tx_id":"83a69f94-1404-4bc9-93fd-33df2772f680","ref":"8ee0f204-7539-4018-bd73-f27bebdeca12"}
{"time":"2026-06-05T13:09:45.2050288+02:00","level":"INFO","msg":"Transaction auto-resolved to successful","tx_id":"021bbc09-f325-4935-87b0-43733b9bd617","ref":"03dd0603-73d1-42aa-826a-e71b66244b26"}
{"time":"2026-06-05T13:09:45.2100564+02:00","level":"INFO","msg":"Transaction auto-resolved to successful","tx_id":"5b58dcd6-dc19-49d2-bb01-6dc9e2f78880","ref":"TestReg3"}
{"time":"2026-06-05T13:09:45.2128399+02:00","level":"INFO","msg":"Transaction auto-resolved to successful","tx_id":"e9e31da0-e4f3-4447-9235-907c76570587","ref":"new refwwww"}
{"time":"2026-06-05T13:09:45.2152461+02:00","level":"INFO","msg":"Transaction auto-resolved to successful","tx_id":"c56c8fa0-35d1-4ab5-a581-90e32aad4bec","ref":"wivwa"}
{"time":"2026-06-05T13:09:45.2177336+02:00","level":"INFO","msg":"Transaction auto-resolved to successful","tx_id":"26edd7cb-cfc5-4210-9e43-9f2d4cca46e5","ref":"TestReg3456"}
{"time":"2026-06-05T13:09:45.2199942+02:00","level":"INFO","msg":"Transaction auto-resolved to successful","tx_id":"34da9c96-b06f-47a4-9ae5-a0162f84c21e","ref":"uniqueID"}
{"time":"2026-06-05T13:09:45.2222215+02:00","level":"INFO","msg":"Transaction auto-resolved to successful","tx_id":"f1e6351f-d38d-4a29-a209-a81d419fb8d2","ref":"TestReg34"}
{"time":"2026-06-05T13:09:45.2251585+02:00","level":"INFO","msg":"Transaction auto-resolved to successful","tx_id":"a87bc56d-64d5-482e-a391-c791af4edca8","ref":"TestReg345"}
{"time":"2026-06-05T13:13:02.6696262+02:00","level":"INFO","msg":"Authorization Header: ","!BADKEY":"Bearer eyJhbGciOiJIUzI1NiIsInR5cCI6IkpXVCJ9.eyJjbGllbnRfaWQiOiJiYzdjOGIxNi04ZjRhLTRiNTgtODMyOS00OTc2YTk0OGIxMTUiLCJleHAiOjE3ODA2NjE1NTEsInVzZXJfaWQiOiJiMjE0ZTUyMy02ZTMyLTRhYmYtYmQxYS05Mjc2N2FhZjg2MTAifQ.9u4GCCA4MIFt4KNaDBQ11a44HI-yKiTBLIFq9wFHZEk"}
{"time":"2026-06-05T13:13:10.3643496+02:00","level":"INFO","msg":"Authorization Header: ","!BADKEY":"Bearer eyJhbGciOiJIUzI1NiIsInR5cCI6IkpXVCJ9.eyJjbGllbnRfaWQiOiJiYzdjOGIxNi04ZjRhLTRiNTgtODMyOS00OTc2YTk0OGIxMTUiLCJleHAiOjE3ODA2NjE1NTEsInVzZXJfaWQiOiJiMjE0ZTUyMy02ZTMyLTRhYmYtYmQxYS05Mjc2N2FhZjg2MTAifQ.9u4GCCA4MIFt4KNaDBQ11a44HI-yKiTBLIFq9wFHZEk"}
{"time":"2026-06-05T13:13:22.3653485+02:00","level":"INFO","msg":"Authorization Header: ","!BADKEY":"Bearer eyJhbGciOiJIUzI1NiIsInR5cCI6IkpXVCJ9.eyJjbGllbnRfaWQiOiJiYzdjOGIxNi04ZjRhLTRiNTgtODMyOS00OTc2YTk0OGIxMTUiLCJleHAiOjE3ODA2NjE1NTEsInVzZXJfaWQiOiJiMjE0ZTUyMy02ZTMyLTRhYmYtYmQxYS05Mjc2N2FhZjg2MTAifQ.9u4GCCA4MIFt4KNaDBQ11a44HI-yKiTBLIFq9wFHZEk"}
{"time":"2026-06-05T13:15:56.5870673+02:00","level":"INFO","msg":"Transaction auto-resolved to successful","tx_id":"e0eac1d9-b788-4260-b549-079cbd4cad0b","ref":"test-hosted-checkout-url"}
{"time":"2026-06-05T13:26:46.1832594+02:00","level":"INFO","msg":"Transaction auto-resolved to successful","tx_id":"42da3403-8064-4ba6-b957-9976b7b5be2a","ref":"0212f03c-aa16-4708-94bb-eac6bbaa6940"}
{"time":"2026-06-05T13:51:21.6093351+02:00","level":"INFO","msg":"Transaction auto-resolved to successful","tx_id":"6af7eb64-b4f7-42d2-bfb2-4babbbb0d5ae","ref":"9dd9b8de-4ef4-4b48-b67d-07f1303303b7"}
{"time":"2026-06-05T13:52:50.3346129+02:00","level":"INFO","msg":"Authorization Header: ","!BADKEY":"Bearer eyJhbGciOiJIUzI1NiIsInR5cCI6IkpXVCJ9.eyJjbGllbnRfaWQiOiJkZTc4MmE4Yy1iOGY1LTQyMjItOGY3Yy1hNzZkZjFhZDA5ZWUiLCJleHAiOjE3ODA2NTc0NTYsInVzZXJfaWQiOiJkYTk0NTViOC01MTY0LTQxMmQtYmI1ZC00ZWU2YTc5Y2MyOTQifQ.0H1OumOKRL8KY3AHO1J27PIl0NcyxZXAmPNySqywl-g"}
{"time":"2026-06-05T13:52:50.3346129+02:00","level":"ERROR","msg":"invalid token","error":"Token is expired"}
{"time":"2026-06-05T13:52:58.1322104+02:00","level":"ERROR","msg":"unable to find user","data":{"client_id":"de782a8c-b8f5-4222-8f7c-a76df1ad09ee","client_secret":"tmi+ys/OFpTGGLJnzia2KUJlLSXGXQWwzMHyENrTISs="}}
{"time":"2026-06-05T13:53:42.684857+02:00","level":"INFO","msg":"Authorization Header: ","!BADKEY":"Bearer eyJhbGciOiJIUzI1NiIsInR5cCI6IkpXVCJ9.eyJjbGllbnRfaWQiOiJiYzdjOGIxNi04ZjRhLTRiNTgtODMyOS00OTc2YTk0OGIxMTUiLCJleHAiOjE3ODA2NjM5OTksInVzZXJfaWQiOiJiMjE0ZTUyMy02ZTMyLTRhYmYtYmQxYS05Mjc2N2FhZjg2MTAifQ.-4MiouxBxnmf4VWHUlAAekbKhPoscGpy3rTnCGwVAAg"}
{"time":"2026-06-05T13:53:42.7220031+02:00","level":"INFO","msg":"✅Info","Transaction Status Retrieved":"endpoint","/v1/mobile-money/check-status/":"reference","!BADKEY":"9dd9b8de-4ef4-4b48-b67d-07f1303303b7"}
{"time":"2026-06-05T14:01:22.3517398+02:00","level":"INFO","msg":"Transaction auto-resolved to successful","tx_id":"96b4f205-46f5-4276-acc7-4fa87967d4dc","ref":"b6125e95-462c-455d-be6e-859678e0e9a9"}
{"time":"2026-06-11T23:01:05.1161086+02:00","level":"INFO","msg":"Authorization Header: ","!BADKEY":"Bearer eyJhbGciOiJIUzI1NiIsInR5cCI6IkpXVCJ9.eyJjbGllbnRfaWQiOiJiYzdjOGIxNi04ZjRhLTRiNTgtODMyOS00OTc2YTk0OGIxMTUiLCJleHAiOjE3ODEyMTUyMzUsInVzZXJfaWQiOiJiMjE0ZTUyMy02ZTMyLTRhYmYtYmQxYS05Mjc2N2FhZjg2MTAifQ.0YOMKmK2QHbC0GfFv6SdyO6Hg58b8tbLY-ZKPW8Z5Hg"}
{"time":"2026-06-11T23:01:21.5818172+02:00","level":"INFO","msg":"Transaction auto-resolved to successful","tx_id":"5a0c3ef9-364e-4cd8-ab1e-6ce956f85c6d","ref":"Test-checkout-ref2"}
{"time":"2026-06-11T23:13:43.4945063+02:00","level":"INFO","msg":"Authorization Header: ","!BADKEY":"Bearer eyJhbGciOiJIUzI1NiIsInR5cCI6IkpXVCJ9.eyJjbGllbnRfaWQiOiJiYzdjOGIxNi04ZjRhLTRiNTgtODMyOS00OTc2YTk0OGIxMTUiLCJleHAiOjE3ODEyMTUyMzUsInVzZXJfaWQiOiJiMjE0ZTUyMy02ZTMyLTRhYmYtYmQxYS05Mjc2N2FhZjg2MTAifQ.0YOMKmK2QHbC0GfFv6SdyO6Hg58b8tbLY-ZKPW8Z5Hg"}
{"time":"2026-06-11T23:13:55.2158209+02:00","level":"INFO","msg":"Authorization Header: ","!BADKEY":"Bearer eyJhbGciOiJIUzI1NiIsInR5cCI6IkpXVCJ9.eyJjbGllbnRfaWQiOiJiYzdjOGIxNi04ZjRhLTRiNTgtODMyOS00OTc2YTk0OGIxMTUiLCJleHAiOjE3ODEyMTUyMzUsInVzZXJfaWQiOiJiMjE0ZTUyMy02ZTMyLTRhYmYtYmQxYS05Mjc2N2FhZjg2MTAifQ.0YOMKmK2QHbC0GfFv6SdyO6Hg58b8tbLY-ZKPW8Z5Hg"}
{"time":"2026-06-11T23:14:21.5776773+02:00","level":"INFO","msg":"Transaction auto-resolved to successful","tx_id":"b63d87b8-4676-4d9d-8f20-ba14233f6ddc","ref":"b559b03f-7300-4a42-ad56-f632f7dc74a4"}
{"time":"2026-06-11T23:15:57.1143182+02:00","level":"INFO","msg":"Authorization Header: ","!BADKEY":"Bearer eyJhbGciOiJIUzI1NiIsInR5cCI6IkpXVCJ9.eyJjbGllbnRfaWQiOiJiYzdjOGIxNi04ZjRhLTRiNTgtODMyOS00OTc2YTk0OGIxMTUiLCJleHAiOjE3ODEyMTUyMzUsInVzZXJfaWQiOiJiMjE0ZTUyMy02ZTMyLTRhYmYtYmQxYS05Mjc2N2FhZjg2MTAifQ.0YOMKmK2QHbC0GfFv6SdyO6Hg58b8tbLY-ZKPW8Z5Hg"}
{"time":"2026-06-11T23:16:04.7231787+02:00","level":"INFO","msg":"Authorization Header: ","!BADKEY":"Bearer eyJhbGciOiJIUzI1NiIsInR5cCI6IkpXVCJ9.eyJjbGllbnRfaWQiOiJiYzdjOGIxNi04ZjRhLTRiNTgtODMyOS00OTc2YTk0OGIxMTUiLCJleHAiOjE3ODEyMTUyMzUsInVzZXJfaWQiOiJiMjE0ZTUyMy02ZTMyLTRhYmYtYmQxYS05Mjc2N2FhZjg2MTAifQ.0YOMKmK2QHbC0GfFv6SdyO6Hg58b8tbLY-ZKPW8Z5Hg"}
{"time":"2026-06-11T23:16:21.5769461+02:00","level":"INFO","msg":"Transaction auto-resolved to successful","tx_id":"fa860242-0af1-4a11-8c81-a6845bf43b37","ref":"ad5815bb-cbf2-4a9a-8c3d-941809c6c43f"}
{"time":"2026-06-11T23:16:48.4100465+02:00","level":"INFO","msg":"Authorization Header: ","!BADKEY":"Bearer eyJhbGciOiJIUzI1NiIsInR5cCI6IkpXVCJ9.eyJjbGllbnRfaWQiOiJiYzdjOGIxNi04ZjRhLTRiNTgtODMyOS00OTc2YTk0OGIxMTUiLCJleHAiOjE3ODEyMTUyMzUsInVzZXJfaWQiOiJiMjE0ZTUyMy02ZTMyLTRhYmYtYmQxYS05Mjc2N2FhZjg2MTAifQ.0YOMKmK2QHbC0GfFv6SdyO6Hg58b8tbLY-ZKPW8Z5Hg"}
{"time":"2026-06-11T23:16:51.561378+02:00","level":"INFO","msg":"Transaction auto-resolved to successful","tx_id":"1302634f-bf3b-401f-a164-be4f20b5db63","ref":"7b06bed5-c88e-4911-a839-9ce80c27aee6"}
{"time":"2026-06-11T23:22:00.674647+02:00","level":"INFO","msg":"Authorization Header: ","!BADKEY":"Bearer eyJhbGciOiJIUzI1NiIsInR5cCI6IkpXVCJ9.eyJjbGllbnRfaWQiOiJiYzdjOGIxNi04ZjRhLTRiNTgtODMyOS00OTc2YTk0OGIxMTUiLCJleHAiOjE3ODEyMTUyMzUsInVzZXJfaWQiOiJiMjE0ZTUyMy02ZTMyLTRhYmYtYmQxYS05Mjc2N2FhZjg2MTAifQ.0YOMKmK2QHbC0GfFv6SdyO6Hg58b8tbLY-ZKPW8Z5Hg"}
{"time":"2026-06-11T23:22:24.7979713+02:00","level":"INFO","msg":"Transaction auto-resolved to successful","tx_id":"20f54738-7d40-45b4-963c-6fafb0cb1012","ref":"1ba62c1f-dcdd-4eea-a40c-5fbdf0b57c81"}
{"time":"2026-06-11T23:52:18.0590944+02:00","level":"ERROR","msg":"❌Error","Unable to Login":"detail","record not found":"data","!BADKEY":{"email":"blessedezeala@gmail.com"}}
{"time":"2026-06-11T23:52:18.0760411+02:00","level":"ERROR","msg":"❌Error","Unable to Login, user not found":"data","!BADKEY":{"email":"blessedezeala@gmail.com"}}
{"time":"2026-06-12T00:03:34.4830464+02:00","level":"ERROR","msg":"❌Error","unable to validate token":"data","!BADKEY":{"error":{"Inner":{},"Errors":16}}}
{"time":"2026-06-12T11:04:17.1283442+02:00","level":"INFO","msg":"Authorization Header: ","!BADKEY":"Bearer eyJhbGciOiJIUzI1NiIsInR5cCI6IkpXVCJ9.eyJjbGllbnRfaWQiOiJiYzdjOGIxNi04ZjRhLTRiNTgtODMyOS00OTc2YTk0OGIxMTUiLCJleHAiOjE3ODEyNTg2MTEsInVzZXJfaWQiOiJiMjE0ZTUyMy02ZTMyLTRhYmYtYmQxYS05Mjc2N2FhZjg2MTAifQ.jsjz8yCqGuLQCS_6XKuVl1wyErdS7XAvtj5YIOp1pBY"}
{"time":"2026-06-12T11:04:24.9784684+02:00","level":"INFO","msg":"Authorization Header: ","!BADKEY":"Bearer eyJhbGciOiJIUzI1NiIsInR5cCI6IkpXVCJ9.eyJjbGllbnRfaWQiOiJiYzdjOGIxNi04ZjRhLTRiNTgtODMyOS00OTc2YTk0OGIxMTUiLCJleHAiOjE3ODEyNTg2MTEsInVzZXJfaWQiOiJiMjE0ZTUyMy02ZTMyLTRhYmYtYmQxYS05Mjc2N2FhZjg2MTAifQ.jsjz8yCqGuLQCS_6XKuVl1wyErdS7XAvtj5YIOp1pBY"}
{"time":"2026-06-12T11:07:55.7492129+02:00","level":"INFO","msg":"Authorization Header: ","!BADKEY":"Bearer eyJhbGciOiJIUzI1NiIsInR5cCI6IkpXVCJ9.eyJjbGllbnRfaWQiOiJiYzdjOGIxNi04ZjRhLTRiNTgtODMyOS00OTc2YTk0OGIxMTUiLCJleHAiOjE3ODEyNTg2MTEsInVzZXJfaWQiOiJiMjE0ZTUyMy02ZTMyLTRhYmYtYmQxYS05Mjc2N2FhZjg2MTAifQ.jsjz8yCqGuLQCS_6XKuVl1wyErdS7XAvtj5YIOp1pBY"}
{"time":"2026-06-12T11:08:09.3447352+02:00","level":"INFO","msg":"Transaction auto-resolved to successful","tx_id":"50c36224-8edb-4b51-b1de-ec7165ba555d","ref":"181c4711-e54d-4a8d-9429-8fe03cb324ee"}
